// Jest Snapshot v1, https://goo.gl/fbAQLP

exports[`ComponentBase can be derived and rendered 1`] = `"<div>App</div>"`;
